
Merging program properties

Removed property 0xc0000002 to merge binaries/Lab3_ucreate.o (0x3) and binaries/start.o (not found)
Removed property 0xc0000002 to merge binaries/Lab3_ucreate.o (not found) and binaries/Lab4_alloc_free.o (0x3)
Removed property 0xc0000002 to merge binaries/Lab3_ucreate.o (not found) and binaries/Lab4_fillpgentry.o (0x3)
Removed property 0xc0000002 to merge binaries/Lab3_ucreate.o (not found) and binaries/Lab4_getheap.o (0x3)
Removed property 0xc0000002 to merge binaries/Lab3_ucreate.o (not found) and binaries/Lab4_invlpg.o (0x3)
Removed property 0xc0000002 to merge binaries/Lab3_ucreate.o (not found) and binaries/Lab4_log2ph.o (0x3)
Removed property 0xc0000002 to merge binaries/Lab3_ucreate.o (not found) and binaries/Lab4_usyscall.o (0x3)
Removed property 0xc0000002 to merge binaries/Lab3_ucreate.o (not found) and binaries/ascdate.o (0x3)
Removed property 0xc0000002 to merge binaries/Lab3_ucreate.o (not found) and binaries/bufinit.o (0x3)
Removed property 0xc0000002 to merge binaries/Lab3_ucreate.o (not found) and binaries/chprio.o (0x3)
Removed property 0xc0000002 to merge binaries/Lab3_ucreate.o (not found) and binaries/clkhandler.o (0x3)
Removed property 0xc0000002 to merge binaries/Lab3_ucreate.o (not found) and binaries/clkinit.o (0x3)
Removed property 0xc0000002 to merge binaries/Lab3_ucreate.o (not found) and binaries/close.o (0x3)
Removed property 0xc0000002 to merge binaries/Lab3_ucreate.o (not found) and binaries/conf.o (0x3)
Removed property 0xc0000002 to merge binaries/Lab3_ucreate.o (not found) and binaries/control.o (0x3)
Removed property 0xc0000002 to merge binaries/Lab3_ucreate.o (not found) and binaries/create.o (0x3)
Removed property 0xc0000002 to merge binaries/Lab3_ucreate.o (not found) and binaries/evec.o (0x3)
Removed property 0xc0000002 to merge binaries/Lab3_ucreate.o (not found) and binaries/exit.o (0x3)
Removed property 0xc0000002 to merge binaries/Lab3_ucreate.o (not found) and binaries/freebuf.o (0x3)
Removed property 0xc0000002 to merge binaries/Lab3_ucreate.o (not found) and binaries/freemem.o (0x3)
Removed property 0xc0000002 to merge binaries/Lab3_ucreate.o (not found) and binaries/getbuf.o (0x3)
Removed property 0xc0000002 to merge binaries/Lab3_ucreate.o (not found) and binaries/getc.o (0x3)
Removed property 0xc0000002 to merge binaries/Lab3_ucreate.o (not found) and binaries/getdev.o (0x3)
Removed property 0xc0000002 to merge binaries/Lab3_ucreate.o (not found) and binaries/getitem.o (0x3)
Removed property 0xc0000002 to merge binaries/Lab3_ucreate.o (not found) and binaries/getmem.o (0x3)
Removed property 0xc0000002 to merge binaries/Lab3_ucreate.o (not found) and binaries/getpid.o (0x3)
Removed property 0xc0000002 to merge binaries/Lab3_ucreate.o (not found) and binaries/getprio.o (0x3)
Removed property 0xc0000002 to merge binaries/Lab3_ucreate.o (not found) and binaries/getstk.o (0x3)
Removed property 0xc0000002 to merge binaries/Lab3_ucreate.o (not found) and binaries/getticks.o (0x3)
Removed property 0xc0000002 to merge binaries/Lab3_ucreate.o (not found) and binaries/gettime.o (0x3)
Removed property 0xc0000002 to merge binaries/Lab3_ucreate.o (not found) and binaries/getutime.o (0x3)
Removed property 0xc0000002 to merge binaries/Lab3_ucreate.o (not found) and binaries/init.o (0x3)
Removed property 0xc0000002 to merge binaries/Lab3_ucreate.o (not found) and binaries/initialize.o (0x3)
Removed property 0xc0000002 to merge binaries/Lab3_ucreate.o (not found) and binaries/insert.o (0x3)
Removed property 0xc0000002 to merge binaries/Lab3_ucreate.o (not found) and binaries/insertd.o (0x3)
Removed property 0xc0000002 to merge binaries/Lab3_ucreate.o (not found) and binaries/ioerr.o (0x3)
Removed property 0xc0000002 to merge binaries/Lab3_ucreate.o (not found) and binaries/ionull.o (0x3)
Removed property 0xc0000002 to merge binaries/Lab3_ucreate.o (not found) and binaries/kill.o (0x3)
Removed property 0xc0000002 to merge binaries/Lab3_ucreate.o (not found) and binaries/kprintf.o (0x3)
Removed property 0xc0000002 to merge binaries/Lab3_ucreate.o (not found) and binaries/main.o (0x3)
Removed property 0xc0000002 to merge binaries/Lab3_ucreate.o (not found) and binaries/mark.o (0x3)
Removed property 0xc0000002 to merge binaries/Lab3_ucreate.o (not found) and binaries/meminit.o (0x3)
Removed property 0xc0000002 to merge binaries/Lab3_ucreate.o (not found) and binaries/mkbufpool.o (0x3)
Removed property 0xc0000002 to merge binaries/Lab3_ucreate.o (not found) and binaries/newqueue.o (0x3)
Removed property 0xc0000002 to merge binaries/Lab3_ucreate.o (not found) and binaries/open.o (0x3)
Removed property 0xc0000002 to merge binaries/Lab3_ucreate.o (not found) and binaries/panic.o (0x3)
Removed property 0xc0000002 to merge binaries/Lab3_ucreate.o (not found) and binaries/platinit.o (0x3)
Removed property 0xc0000002 to merge binaries/Lab3_ucreate.o (not found) and binaries/ptclear.o (0x3)
[...]
Memory Configuration

Name             Origin             Length             Attributes
*default*        0x0000000000000000 0xffffffffffffffff

Linker script and memory map

                0x0000000000100000                physbase = 0x100000
                0x0000000000100000                . = physbase
                0x0000000000100000                . = ALIGN (0x1000)

.text           0x0000000000100000    0x11000
                0x0000000000100000                text = ABSOLUTE (.)
 *(.text .text.*)
 .text          0x0000000000100000      0x171 binaries/start.o
                0x0000000000100024                start
                0x00000000001000b3                inb
                0x00000000001000bb                inw
                0x00000000001000c4                inl
                0x00000000001000cc                outb
                0x00000000001000d6                outw
                0x00000000001000e1                outl
                0x00000000001000eb                _rtcin
                0x00000000001000f6                ___udivsi3
                0x0000000000100101                ___divsi3
                0x000000000010010d                sbzero
                0x000000000010011d                insw
                0x0000000000100133                outsw
                0x0000000000100149                bcopy
                0x000000000010015d                lidt
                0x0000000000100165                cpuid
 .text          0x0000000000100171      0x11a binaries/Lab3_ucreate.o
                0x0000000000100171                ucreate
 .text.__x86.get_pc_thunk.cx
                0x000000000010028b        0x4 binaries/Lab3_ucreate.o
                0x000000000010028b                __x86.get_pc_thunk.cx
 .text.__x86.get_pc_thunk.bx
                0x000000000010028f        0x4 binaries/Lab3_ucreate.o
                0x000000000010028f                __x86.get_pc_thunk.bx
 .text          0x0000000000100293      0x108 binaries/Lab4_alloc_free.o
                0x0000000000100293                palloc
                0x0000000000100325                pfree
 .text          0x000000000010039b      0x1f8 binaries/Lab4_fillpgentry.o
                0x000000000010039b                isfree
                0x0000000000100487                fill_pgentry
 .text          0x0000000000100593       0xdf binaries/Lab4_getheap.o
                0x0000000000100593                getheap
 .text          0x0000000000100672       0x1a binaries/Lab4_invlpg.o
                0x0000000000100672                invlpg
 .text.__x86.get_pc_thunk.ax
                0x000000000010068c        0x4 binaries/Lab4_invlpg.o
                0x000000000010068c                __x86.get_pc_thunk.ax
 .text          0x0000000000100690       0xc7 binaries/Lab4_log2ph.o
                0x0000000000100690                log2ph
 .text          0x0000000000100757       0x70 binaries/Lab4_usyscall.o
                0x0000000000100757                do_syscall
 .text          0x00000000001007c7      0x408 binaries/ascdate.o
                0x00000000001007c7                ascdate
 .text          0x0000000000100bcf       0x24 binaries/bufinit.o
                0x0000000000100bcf                bufinit
 .text          0x0000000000100bf3       0xa6 binaries/chprio.o
                0x0000000000100bf3                chprio
 .text          0x0000000000100c99       0xe8 binaries/clkhandler.o
                0x0000000000100c99                clkhandler
 .text          0x0000000000100d81       0xa7 binaries/clkinit.o
                0x0000000000100d81                clkinit
 .text          0x0000000000100e28       0x8a binaries/close.o
                0x0000000000100e28                close
 .text          0x0000000000100eb2        0x0 binaries/conf.o
 .text          0x0000000000100eb2       0x90 binaries/control.o
                0x0000000000100eb2                control
 .text          0x0000000000100f42      0x803 binaries/create.o
                0x0000000000100f42                create
 .text          0x0000000000101745      0x51d binaries/evec.o
                0x0000000000101745                initevec
                0x0000000000101884                set_evec
                0x000000000010195f                _8259_setirmask
                0x00000000001019d4                trap
 .text          0x0000000000101c62       0x2d binaries/exit.o
                0x0000000000101c62                exit
 .text          0x0000000000101c8f       0xa5 binaries/freebuf.o
                0x0000000000101c8f                freebuf
 .text          0x0000000000101d34       0xd7 binaries/freemem.o
                0x0000000000101d34                freemem
 .text          0x0000000000101e0b       0xa3 binaries/getbuf.o
                0x0000000000101e0b                getbuf
 .text          0x0000000000101eae       0x8a binaries/getc.o
                0x0000000000101eae                getc
 .text          0x0000000000101f38       0x8a binaries/getdev.o
                0x0000000000101f38                getdev
 .text          0x0000000000101fc2      0x11d binaries/getitem.o
                0x0000000000101fc2                getfirst
                0x000000000010201c                getlast
                0x0000000000102078                getitem
 .text.__x86.get_pc_thunk.dx
                0x00000000001020df        0x4 binaries/getitem.o
                0x00000000001020df                __x86.get_pc_thunk.dx
 .text          0x00000000001020e3       0xbd binaries/getmem.o
                0x00000000001020e3                getmem
 .text          0x00000000001021a0       0x1b binaries/getpid.o
                0x00000000001021a0                getpid
 .text          0x00000000001021bb       0x90 binaries/getprio.o
                0x00000000001021bb                getprio
 .text          0x000000000010224b      0x121 binaries/getstk.o
                0x000000000010224b                getstk
 .text          0x000000000010236c       0x24 binaries/getticks.o
                0x000000000010236c                getticks
 .text          0x0000000000102390       0x18 binaries/gettime.o
                0x0000000000102390                gettime
 .text          0x00000000001023a8       0x18 binaries/getutime.o
                0x00000000001023a8                getutime
 .text          0x00000000001023c0       0x8a binaries/init.o
                0x00000000001023c0                init
 .text          0x000000000010244a      0x3b9 binaries/initialize.o
                0x000000000010244a                nulluser
                0x0000000000102788                stop
                0x00000000001027c7                delay
 .text          0x0000000000102803      0x109 binaries/insert.o
                0x0000000000102803                insert
 .text          0x000000000010290c      0x142 binaries/insertd.o
                0x000000000010290c                insertd
 .text          0x0000000000102a4e       0x18 binaries/ioerr.o
                0x0000000000102a4e                ioerr
 .text          0x0000000000102a66       0x18 binaries/ionull.o
                0x0000000000102a66                ionull
 .text          0x0000000000102a7e      0x292 binaries/kill.o
                0x0000000000102a7e                kill
 .text          0x0000000000102d10      0x1d6 binaries/kprintf.o
                0x0000000000102d10                kputc
                0x0000000000102ddc                kgetc
                0x0000000000102ea6                kprintf
 .text          0x0000000000102ee6      0x120 binaries/main.o
                0x0000000000102ee6                sndA
                0x0000000000102f0d                sndB
                0x0000000000102f34                main
 .text          0x0000000000103006       0xf6 binaries/mark.o
                0x0000000000103006                markinit
                0x0000000000103043                mark
 .text          0x00000000001030fc      0x52b binaries/meminit.o
                0x00000000001030fc                vminit
                0x00000000001034b7                setsegs
 .text          0x0000000000103627      0x196 binaries/mkbufpool.o
                0x0000000000103627                mkbufpool
 .text          0x00000000001037bd       0xbf binaries/newqueue.o
                0x00000000001037bd                newqueue
 .text          0x000000000010387c       0x90 binaries/open.o
                0x000000000010387c                open
 .text          0x000000000010390c       0x32 binaries/panic.o
                0x000000000010390c                panic
 .text          0x000000000010393e       0x31 binaries/platinit.o
                0x000000000010393e                console_init
                0x0000000000103956                platinit
 .text          0x000000000010396f      0x109 binaries/ptclear.o
                0x000000000010396f                _ptclear
 .text          0x0000000000103a78       0xb3 binaries/ptcount.o
                0x0000000000103a78                ptcount
 .text          0x0000000000103b2b      0x138 binaries/ptcreate.o
                0x0000000000103b2b                ptcreate
 .text          0x0000000000103c63       0x98 binaries/ptdelete.o
                0x0000000000103c63                ptdelete
 .text          0x0000000000103cfb       0xe9 binaries/ptinit.o
                0x0000000000103cfb                ptinit
 .text          0x0000000000103de4      0x139 binaries/ptrecv.o
                0x0000000000103de4                ptrecv
 .text          0x0000000000103f1d       0x8d binaries/ptreset.o
                0x0000000000103f1d                ptreset
 .text          0x0000000000103faa      0x15e binaries/ptsend.o
                0x0000000000103faa                ptsend
 .text          0x0000000000104108       0x95 binaries/putc.o
                0x0000000000104108                putc
 .text          0x000000000010419d      0x14e binaries/queue.o
                0x000000000010419d                enqueue
                0x0000000000104262                dequeue
 .text          0x00000000001042eb       0x90 binaries/read.o
                0x00000000001042eb                read
 .text          0x000000000010437b       0x90 binaries/ready.o
                0x000000000010437b                ready
 .text          0x000000000010440b       0x78 binaries/receive.o
                0x000000000010440b                receive
 .text          0x0000000000104483       0x74 binaries/recvclr.o
                0x0000000000104483                recvclr
 .text          0x00000000001044f7       0xd9 binaries/recvtime.o
                0x00000000001044f7                recvtime
 .text          0x00000000001045d0      0x1ea binaries/resched.o
                0x00000000001045d0                resched
                0x0000000000104719                resched_cntl
 .text          0x00000000001047ba       0xc3 binaries/resume.o
                0x00000000001047ba                resume
 .text          0x000000000010487d       0x8e binaries/seek.o
                0x000000000010487d                seek
 .text          0x000000000010490b       0x8b binaries/semcount.o
                0x000000000010490b                semcount
 .text          0x0000000000104996      0x108 binaries/semcreate.o
                0x0000000000104996                semcreate
 .text          0x0000000000104a9e       0xe3 binaries/semdelete.o
                0x0000000000104a9e                semdelete
 .text          0x0000000000104b81       0xe7 binaries/semreset.o
                0x0000000000104b81                semreset
 .text          0x0000000000104c68       0xff binaries/send.o
                0x0000000000104c68                send
 .text          0x0000000000104d67       0xbe binaries/signal.o
                0x0000000000104d67                signal
 .text          0x0000000000104e25       0xec binaries/signaln.o
                0x0000000000104e25                signaln
 .text          0x0000000000104f11      0x116 binaries/sleep.o
                0x0000000000104f11                sleep
                0x0000000000104f6d                sleepms
 .text          0x0000000000105027      0x1b8 binaries/stacktrace.o
                0x0000000000105027                stacktrace
 .text          0x00000000001051df       0xf9 binaries/suspend.o
                0x00000000001051df                suspend
 .text          0x00000000001052d8      0x104 binaries/unsleep.o
                0x00000000001052d8                unsleep
 .text          0x00000000001053dc       0x3b binaries/userret.o
                0x00000000001053dc                userret
 .text          0x0000000000105417       0xf9 binaries/wait.o
                0x0000000000105417                wait
 .text          0x0000000000105510       0x9c binaries/wakeup.o
                0x0000000000105510                wakeup
 .text          0x00000000001055ac       0x90 binaries/write.o
                0x00000000001055ac                write
 .text          0x000000000010563c       0x33 binaries/xdone.o
                0x000000000010563c                xdone
 .text          0x000000000010566f       0x3b binaries/yield.o
                0x000000000010566f                yield
 .text          0x00000000001056aa       0x1f binaries/abs.o
                0x00000000001056aa                abs
 .text          0x00000000001056c9       0x9e binaries/atoi.o
                0x00000000001056c9                atoi
 .text          0x0000000000105767       0x9e binaries/atol.o
                0x0000000000105767                atol
 .text          0x0000000000105805       0x40 binaries/bzero.o
                0x0000000000105805                bzero
 .text          0x0000000000105845        0x0 binaries/ctype_.o
 .text          0x0000000000105845      0x96b binaries/doprnt.o
                0x0000000000105845                _doprnt
 .text          0x00000000001061b0      0x709 binaries/doscan.o
                0x00000000001061b0                _doscan
 .text.__x86.get_pc_thunk.di
                0x00000000001068b9        0x4 binaries/doscan.o
                0x00000000001068b9                __x86.get_pc_thunk.di
 .text          0x00000000001068bd      0x788 binaries/fdoprnt.o
                0x00000000001068bd                _fdoprnt
 .text          0x0000000000107045       0x3d binaries/fgetc.o
                0x0000000000107045                fgetc
 .text          0x0000000000107082       0x88 binaries/fgets.o
                0x0000000000107082                fgets
 .text          0x000000000010710a       0x40 binaries/fprintf.o
                0x000000000010710a                fprintf
 .text          0x000000000010714a       0x40 binaries/fputc.o
                0x000000000010714a                fputc
 .text          0x000000000010718a       0x56 binaries/fputs.o
                0x000000000010718a                fputs
 .text          0x00000000001071e0       0xc2 binaries/fscanf.o
                0x00000000001071e0                fscanf
 .text          0x00000000001072a2       0x4a binaries/getchar.o
                0x00000000001072a2                getchar
 .text          0x00000000001072ec       0x1f binaries/labs.o
                0x00000000001072ec                labs
 .text          0x000000000010730b        0x0 binaries/memchr.o
 .text          0x000000000010730b       0x5f binaries/memcmp.o
                0x000000000010730b                memcmp
 .text          0x000000000010736a       0x34 binaries/memcpy.o
                0x000000000010736a                memcpy
 .text          0x000000000010739e       0x3e binaries/memset.o
                0x000000000010739e                memset
 .text          0x00000000001073dc       0x61 binaries/printf.o
                0x00000000001073dc                printf
 .text          0x000000000010743d       0x4d binaries/putchar.o
                0x000000000010743d                putchar
 .text          0x000000000010748a      0x2bf binaries/qsort.o
                0x000000000010748a                qsort
 .text          0x0000000000107749       0x8d binaries/rand.o
                0x0000000000107749                rand
                0x0000000000107771                rand_r
                0x00000000001077b9                srand
 .text          0x00000000001077d6       0x8a binaries/sprintf.o
                0x00000000001077d6                sprintf
 .text          0x0000000000107860       0xa4 binaries/sscanf.o
                0x0000000000107860                sscanf
 .text          0x0000000000107904       0x4a binaries/strchr.o
                0x0000000000107904                strchr
 .text          0x000000000010794e       0x53 binaries/strcmp.o
                0x000000000010794e                strcmp
 .text          0x00000000001079a1       0x35 binaries/strcpy.o
                0x00000000001079a1                strcpy
 .text          0x00000000001079d6       0x34 binaries/strlen.o
                0x00000000001079d6                strlen
 .text          0x0000000000107a0a       0x64 binaries/strncat.o
                0x0000000000107a0a                strncat
 .text          0x0000000000107a6e       0x6c binaries/strncmp.o
                0x0000000000107a6e                strncmp
 .text          0x0000000000107ada       0x5d binaries/strncpy.o
                0x0000000000107ada                strncpy
 .text          0x0000000000107b37       0x3c binaries/strnlen.o
                0x0000000000107b37                strnlen
 .text          0x0000000000107b73       0x53 binaries/strrchr.o
                0x0000000000107b73                strrchr
 .text          0x0000000000107bc6       0x7c binaries/strstr.o
                0x0000000000107bc6                strstr
 .text          0x0000000000107c42      0x100 binaries/ttycontrol.o
                0x0000000000107c42                ttycontrol
 .text          0x0000000000107d42       0xaf binaries/ttygetc.o
                0x0000000000107d42                ttygetc
 .text          0x0000000000107df1      0x73b binaries/ttyhandle_in.o
                0x0000000000107df1                ttyhandle_in
 .text          0x000000000010852c      0x1c5 binaries/ttyhandle_out.o
                0x000000000010852c                ttyhandle_out
 .text          0x00000000001086f1       0xec binaries/ttyhandler.o
                0x00000000001086f1                ttyhandler
 .text          0x00000000001087dd      0x243 binaries/ttyinit.o
                0x00000000001087dd                ttyinit
 .text          0x0000000000108a20       0x2f binaries/ttykickout.o
                0x0000000000108a20                ttykickout
 .text          0x0000000000108a4f       0xcd binaries/ttyputc.o
                0x0000000000108a4f                ttyputc
 .text          0x0000000000108b1c      0x12f binaries/ttyread.o
                0x0000000000108b1c                ttyread
 .text          0x0000000000108c4b       0x60 binaries/ttywrite.o
                0x0000000000108c4b                ttywrite
 .text          0x0000000000108cab      0x17c binaries/mount.o
                0x0000000000108cab                mount
                0x0000000000108de3                namlen
 .text          0x0000000000108e27      0x224 binaries/naminit.o
                0x0000000000108e27                naminit
 .text          0x000000000010904b      0x24f binaries/nammap.o
                0x000000000010904b                nammap
                0x00000000001090ec                namrepl
                0x000000000010923c                namcpy
 .text          0x000000000010929a       0x61 binaries/namopen.o
                0x000000000010929a                namopen
 .text          0x00000000001092fb       0x18 binaries/ramclose.o
                0x00000000001092fb                ramclose
 .text          0x0000000000109313       0x5c binaries/raminit.o
                0x0000000000109313                raminit
 .text          0x000000000010936f       0x18 binaries/ramopen.o
                0x000000000010936f                ramopen
 .text          0x0000000000109387       0x4b binaries/ramread.o
                0x0000000000109387                ramread
 .text          0x00000000001093d2       0x4b binaries/ramwrite.o
                0x00000000001093d2                ramwrite
 .text          0x000000000010941d       0xc8 binaries/lfdballoc.o
                0x000000000010941d                lfdballoc
 .text          0x00000000001094e5       0x70 binaries/lfdbfree.o
                0x00000000001094e5                lfdbfree
 .text          0x0000000000109555       0xe4 binaries/lfflush.o
                0x0000000000109555                lfflush
 .text          0x0000000000109639       0xed binaries/lfgetmode.o
                0x0000000000109639                lfgetmode
 .text          0x0000000000109726       0x96 binaries/lfiballoc.o
                0x0000000000109726                lfiballoc
 .text          0x00000000001097bc       0x49 binaries/lfibclear.o
                0x00000000001097bc                lfibclear
 .text          0x0000000000109805       0xc0 binaries/lfibget.o
                0x0000000000109805                lfibget
 .text          0x00000000001098c5       0xef binaries/lfibput.o
                0x00000000001098c5                lfibput
 .text          0x00000000001099b4       0xbf binaries/lflclose.o
                0x00000000001099b4                lflclose
 .text          0x0000000000109a73       0xf1 binaries/lflcontrol.o
                0x0000000000109a73                lflcontrol
 .text          0x0000000000109b64      0x108 binaries/lflgetc.o
                0x0000000000109b64                lflgetc
 .text          0x0000000000109c6c      0x104 binaries/lflinit.o
                0x0000000000109c6c                lflinit
 .text          0x0000000000109d70      0x13e binaries/lflputc.o
                0x0000000000109d70                lflputc
 .text          0x0000000000109eae       0x83 binaries/lflread.o
                0x0000000000109eae                lflread
 .text          0x0000000000109f31       0xc2 binaries/lflseek.o
                0x0000000000109f31                lflseek
 .text          0x0000000000109ff3       0x68 binaries/lflwrite.o
                0x0000000000109ff3                lflwrite
 .text          0x000000000010a05b       0x70 binaries/lfscheck.o
                0x000000000010a05b                lfscheck
 .text          0x000000000010a0cb      0x198 binaries/lfsckfmt.o
                0x000000000010a0cb                lfsckfmt
 .text          0x000000000010a263      0x1c2 binaries/lfscreate.o
                0x000000000010a263                lfscreate
 .text          0x000000000010a425      0x2a7 binaries/lfsetup.o
                0x000000000010a425                lfsetup
 .text          0x000000000010a6cc       0x83 binaries/lfsinit.o
                0x000000000010a6cc                lfsinit
 .text          0x000000000010a74f      0x415 binaries/lfsopen.o
                0x000000000010a74f                lfsopen
 .text          0x000000000010ab64      0x18e binaries/lftruncate.o
                0x000000000010ab64                lftruncate
 .text          0x000000000010acf2      0x477 binaries/addargs.o
                0x000000000010acf2                upload_args
                0x000000000010adce                addargs
 .text          0x000000000010b169      0x2df binaries/lexan.o
                0x000000000010b169                lexan
 .text          0x000000000010b448      0x74c binaries/shell.o
                0x000000000010b448                shell
 .text          0x000000000010bb94       0x82 binaries/xsh_argecho.o
                0x000000000010bb94                xsh_argecho
 .text          0x000000000010bc16      0x2b2 binaries/xsh_cat.o
                0x000000000010bc16                xsh_cat
 .text          0x000000000010bec8       0x7e binaries/xsh_clear.o
                0x000000000010bec8                xsh_clear
 .text          0x000000000010bf46      0x2e5 binaries/xsh_date.o
                0x000000000010bf46                xsh_date
 .text          0x000000000010c22b       0xcf binaries/xsh_devdump.o
                0x000000000010c22b                xsh_devdump
 .text          0x000000000010c2fa       0x8b binaries/xsh_echo.o
                0x000000000010c2fa                xsh_echo
 .text          0x000000000010c385       0x18 binaries/xsh_exit.o
                0x000000000010c385                xsh_exit
 .text          0x000000000010c39d      0x3ed binaries/xsh_help.o
                0x000000000010c39d                xsh_help
 .text          0x000000000010c78a      0x28b binaries/xsh_kill.o
                0x000000000010c78a                xsh_kill
 .text          0x000000000010ca15      0x5ff binaries/xsh_lab2.o
                0x000000000010ca15                _2020200671_myprintf_1
                0x000000000010ca92                _2020200671_printf2_help
                0x000000000010cada                _2020200671_myprintf_2
                0x000000000010cb3a                _2020200671_delay_test
                0x000000000010cc14                _2020200671_delay
                0x000000000010cc70                _2020200671_xsh_lab2
 .text          0x000000000010d014      0x203 binaries/xsh_lab3.o
                0x000000000010d014                k2020200671_printf
                0x000000000010d06c                k2020200671_create
                0x000000000010d117                u2020200671_uptest
                0x000000000010d176                u2020200671_xsh_lab3
 .text          0x000000000010d217       0xa2 binaries/xsh_lab4.o
                0x000000000010d217                u2020200671_xsh_lab4
 .text          0x000000000010d2b9      0x5b5 binaries/xsh_memdump.o
                0x000000000010d2b9                xsh_memdump
 .text          0x000000000010d86e      0x322 binaries/xsh_memstat.o
                0x000000000010d86e                xsh_memstat
 .text          0x000000000010db90      0x2ba binaries/xsh_ps.o
                0x000000000010db90                xsh_ps
 .text          0x000000000010de4a      0x269 binaries/xsh_sleep.o
                0x000000000010de4a                xsh_sleep
 .text          0x000000000010e0b3      0x234 binaries/xsh_uptime.o
                0x000000000010e0b3                xsh_uptime
 .text          0x000000000010e2e7        0x8 binaries/Lab3_create.o
                0x000000000010e2e7                u2020200671_create
 .text          0x000000000010e2ef        0x8 binaries/Lab3_ltss.o
                0x000000000010e2ef                k2020200671_ltss
 .text          0x000000000010e2f7        0xb binaries/Lab3_printf.o
                0x000000000010e2f7                u2020200671_printf
 .text          0x000000000010e302        0xe binaries/Lab3_ret_k2u.o
                0x000000000010e302                k2020200671_ret_k2u
 .text          0x000000000010e310        0x2 binaries/Lab3_ret_u2k.o
                0x000000000010e310                u2020200671_ret_u2k
 .text          0x000000000010e312        0x7 binaries/Lab3_sleep.o
                0x000000000010e312                u2020200671_sleep
 .text          0x000000000010e319        0xe binaries/clkdisp.o
                0x000000000010e319                clkdisp
 .text          0x000000000010e327       0x1f binaries/ctxsw.o
                0x000000000010e327                ctxsw
 .text          0x000000000010e346      0x388 binaries/intr.o
                0x000000000010e346                disable
                0x000000000010e34f                restore
                0x000000000010e35d                enable
                0x000000000010e35f                pause
                0x000000000010e366                halt
                0x000000000010e369                spurious_irq7
                0x000000000010e36e                spurious_irq15
                0x000000000010e37d                _Xint0
                0x000000000010e385                _Xint1
                0x000000000010e38d                _Xint2
                0x000000000010e395                _Xint3
                0x000000000010e39d                _Xint4
                0x000000000010e3a5                _Xint5
                0x000000000010e3b0                _Xint6
                0x000000000010e3b8                _Xint7
                0x000000000010e3c0                _Xint8
                0x000000000010e3c8                _Xint9
                0x000000000010e3d0                _Xint10
                0x000000000010e3d8                _Xint11
                0x000000000010e3e0                _Xint12
                0x000000000010e3e8                _Xint13
                0x000000000010e3f0                _Xint14
                0x000000000010e3fb                _Xint15
                0x000000000010e406                _Xint16
                0x000000000010e411                _Xint17
                0x000000000010e41c                _Xint18
                0x000000000010e427                _Xint19
                0x000000000010e432                _Xint20
                0x000000000010e43d                _Xint21
                0x000000000010e448                _Xint22
                0x000000000010e453                _Xint23
                0x000000000010e45e                _Xint24
                0x000000000010e469                _Xint25
                0x000000000010e474                _Xint26
                0x000000000010e47f                _Xint27
                0x000000000010e48a                _Xint28
                0x000000000010e495                _Xint29
                0x000000000010e4a0                _Xint30
                0x000000000010e4ab                _Xint31
                0x000000000010e4b6                _Xint32
                0x000000000010e4c1                _Xint33
                0x000000000010e4cc                _Xint34
                0x000000000010e4d7                _Xint35
                0x000000000010e4e2                _Xint36
                0x000000000010e4ed                _Xint37
                0x000000000010e4f8                _Xint38
                0x000000000010e503                _Xint40
                0x000000000010e50e                _Xint41
                0x000000000010e519                _Xint42
                0x000000000010e524                _Xint43
                0x000000000010e52f                _Xint44
                0x000000000010e53a                _Xint45
                0x000000000010e545                _Xint46
                0x000000000010e550                _Xint48
                0x000000000010e573                _Xint49
                0x000000000010e578                _Xint50
                0x000000000010e599                _Xint51
                0x000000000010e5ba                _Xint52
                0x000000000010e5fa                defevec
 .text          0x000000000010e6ce       0x10 binaries/ttydispatch.o
                0x000000000010e6ce                ttydispatch
 *(.rodata .rodata.*)
 .rodata        0x000000000010e6de        0xe binaries/Lab3_ucreate.o
 .rodata        0x000000000010e6ec       0x6f binaries/Lab4_alloc_free.o
 *fill*         0x000000000010e75b        0x1 
 .rodata        0x000000000010e75c       0x8e binaries/ascdate.o
 .rodata        0x000000000010e7ea       0x52 binaries/conf.o
 .rodata        0x000000000010e83c       0x43 binaries/create.o
 *fill*         0x000000000010e87f        0x1 
 .rodata        0x000000000010e880      0x231 binaries/evec.o
 *fill*         0x000000000010eab1        0x3 
 .rodata        0x000000000010eab4      0x125 binaries/initialize.o
 *fill*         0x000000000010ebd9        0x3 
 .rodata        0x000000000010ebdc       0x20 binaries/kill.o
 .rodata        0x000000000010ebfc       0x2a binaries/main.o
 *fill*         0x000000000010ec26        0x2 
 .rodata        0x000000000010ec28       0x3e binaries/meminit.o
 .rodata        0x000000000010ec66        0xf binaries/panic.o
 .rodata        0x000000000010ec75       0x1d binaries/ptinit.o
 *fill*         0x000000000010ec92        0x2 
 .rodata        0x000000000010ec94       0x25 binaries/ptsend.o
 *fill*         0x000000000010ecb9        0x3 
 .rodata        0x000000000010ecbc       0xbb binaries/stacktrace.o
 *fill*         0x000000000010ed77        0x1 
 .rodata        0x000000000010ed78       0x27 binaries/xdone.o
 *fill*         0x000000000010ed9f        0x1 
 .rodata        0x000000000010eda0       0x81 binaries/ctype_.o
                0x000000000010eda0                _ctype_
 *fill*         0x000000000010ee21        0x3 
 .rodata        0x000000000010ee24       0xee binaries/doprnt.o
 *fill*         0x000000000010ef12        0x2 
 .rodata        0x000000000010ef14       0xae binaries/fdoprnt.o
 *fill*         0x000000000010efc2        0x2 
 .rodata        0x000000000010efc4       0x20 binaries/ttycontrol.o
 .rodata        0x000000000010efe4       0x34 binaries/ttyhandler.o
 .rodata        0x000000000010f018       0x80 binaries/naminit.o
 .rodata        0x000000000010f098        0x9 binaries/raminit.o
 *fill*         0x000000000010f0a1        0x3 
 .rodata        0x000000000010f0a4       0x37 binaries/lfdballoc.o
 .rodata        0x000000000010f0db       0x14 binaries/lfiballoc.o
 *fill*         0x000000000010f0ef        0x1 
 .rodata        0x000000000010f0f0       0x23 binaries/lflcontrol.o
 *fill*         0x000000000010f113        0x1 
 .rodata        0x000000000010f114      0x11b binaries/lfsckfmt.o
 *fill*         0x000000000010f22f        0x1 
 .rodata        0x000000000010f230       0x2a binaries/lfsopen.o
 *fill*         0x000000000010f25a        0x2 
 .rodata        0x000000000010f25c      0x2a9 binaries/shell.o
 .rodata        0x000000000010f505       0x28 binaries/xsh_argecho.o
 *fill*         0x000000000010f52d        0x3 
 .rodata        0x000000000010f530       0xc9 binaries/xsh_cat.o
 .rodata        0x000000000010f5f9       0x19 binaries/xsh_clear.o
 *fill*         0x000000000010f612        0x2 
 .rodata        0x000000000010f614      0x1a5 binaries/xsh_date.o
 .rodata        0x000000000010f7b9       0x5d binaries/xsh_devdump.o
 .rodata        0x000000000010f816        0x9 binaries/xsh_echo.o
 *fill*         0x000000000010f81f        0x1 
 .rodata        0x000000000010f820      0x169 binaries/xsh_help.o
 *fill*         0x000000000010f989        0x3 
 .rodata        0x000000000010f98c      0x12e binaries/xsh_kill.o
 *fill*         0x000000000010faba        0x2 
 .rodata        0x000000000010fabc      0x1bc binaries/xsh_lab2.o
 .rodata        0x000000000010fc78       0x30 binaries/xsh_lab3.o
 .rodata        0x000000000010fca8       0x31 binaries/xsh_lab4.o
 *fill*         0x000000000010fcd9        0x3 
 .rodata        0x000000000010fcdc      0x266 binaries/xsh_memdump.o
 *fill*         0x000000000010ff42        0x2 
 .rodata        0x000000000010ff44      0x225 binaries/xsh_memstat.o
 *fill*         0x0000000000110169        0x3 
 .rodata        0x000000000011016c      0x1ef binaries/xsh_ps.o
 *fill*         0x000000000011035b        0x1 
 .rodata        0x000000000011035c       0xeb binaries/xsh_sleep.o
 *fill*         0x0000000000110447        0x1 
 .rodata        0x0000000000110448      0x105 binaries/xsh_uptime.o
                0x000000000011054d                etext = ABSOLUTE (.)
                0x0000000000111000                . = ALIGN (0x1000)
 *fill*         0x000000000011054d      0xab3 

.eh_frame       0x0000000000111000     0x2278
 .eh_frame      0x0000000000111000       0x88 binaries/Lab3_ucreate.o
 .eh_frame      0x0000000000111088       0x48 binaries/Lab4_alloc_free.o
                                         0x74 (size before relaxing)
 .eh_frame      0x00000000001110d0       0x48 binaries/Lab4_fillpgentry.o
                                         0x74 (size before relaxing)
 .eh_frame      0x0000000000111118       0x24 binaries/Lab4_getheap.o
                                         0x50 (size before relaxing)
 .eh_frame      0x000000000011113c       0x34 binaries/Lab4_invlpg.o
                                         0x4c (size before relaxing)
 .eh_frame      0x0000000000111170       0x24 binaries/Lab4_log2ph.o
                                         0x50 (size before relaxing)
 .eh_frame      0x0000000000111194       0x2c binaries/Lab4_usyscall.o
                                         0x58 (size before relaxing)
 .eh_frame      0x00000000001111c0       0x24 binaries/ascdate.o
                                         0x50 (size before relaxing)
 .eh_frame      0x00000000001111e4       0x20 binaries/bufinit.o
                                         0x4c (size before relaxing)
 .eh_frame      0x0000000000111204       0x24 binaries/chprio.o
                                         0x50 (size before relaxing)
 .eh_frame      0x0000000000111228       0x24 binaries/clkhandler.o
                                         0x50 (size before relaxing)
 .eh_frame      0x000000000011124c       0x24 binaries/clkinit.o
                                         0x50 (size before relaxing)
 .eh_frame      0x0000000000111270       0x24 binaries/close.o
                                         0x50 (size before relaxing)
 .eh_frame      0x0000000000111294       0x24 binaries/control.o
                                         0x50 (size before relaxing)
 .eh_frame      0x00000000001112b8       0x48 binaries/create.o
                                         0x88 (size before relaxing)
 .eh_frame      0x0000000000111300       0x90 binaries/evec.o
                                         0xd0 (size before relaxing)
 .eh_frame      0x0000000000111390       0x24 binaries/exit.o
                                         0x50 (size before relaxing)
 .eh_frame      0x00000000001113b4       0x24 binaries/freebuf.o
                                         0x50 (size before relaxing)
 .eh_frame      0x00000000001113d8       0x24 binaries/freemem.o
                                         0x50 (size before relaxing)
 .eh_frame      0x00000000001113fc       0x24 binaries/getbuf.o
                                         0x50 (size before relaxing)
 .eh_frame      0x0000000000111420       0x24 binaries/getc.o
                                         0x50 (size before relaxing)
 .eh_frame      0x0000000000111444       0x24 binaries/getdev.o
                                         0x50 (size before relaxing)
 .eh_frame      0x0000000000111468       0x78 binaries/getitem.o
                                         0xa4 (size before relaxing)
 .eh_frame      0x00000000001114e0       0x24 binaries/getmem.o
                                         0x50 (size before relaxing)
 .eh_frame      0x0000000000111504       0x20 binaries/getpid.o
                                         0x4c (size before relaxing)
 .eh_frame      0x0000000000111524       0x24 binaries/getprio.o
                                         0x50 (size before relaxing)
 .eh_frame      0x0000000000111548       0x24 binaries/getstk.o
                                         0x50 (size before relaxing)
 .eh_frame      0x000000000011156c       0x20 binaries/getticks.o
                                         0x4c (size before relaxing)
 .eh_frame      0x000000000011158c       0x20 binaries/gettime.o
                                         0x4c (size before relaxing)
 .eh_frame      0x00000000001115ac       0x20 binaries/getutime.o
                                         0x4c (size before relaxing)
 .eh_frame      0x00000000001115cc       0x24 binaries/init.o
                                         0x50 (size before relaxing)
 .eh_frame      0x00000000001115f0       0xa4 binaries/initialize.o
                                         0xe4 (size before relaxing)
 .eh_frame      0x0000000000111694       0x24 binaries/insert.o
                                         0x50 (size before relaxing)
 .eh_frame      0x00000000001116b8       0x28 binaries/insertd.o
                                         0x54 (size before relaxing)
 .eh_frame      0x00000000001116e0       0x20 binaries/ioerr.o
                                         0x4c (size before relaxing)
 .eh_frame      0x0000000000111700       0x20 binaries/ionull.o
                                         0x4c (size before relaxing)
 .eh_frame      0x0000000000111720       0x2c binaries/kill.o
                                         0x58 (size before relaxing)
 .eh_frame      0x000000000011174c       0x6c binaries/kprintf.o
                                         0xac (size before relaxing)
 .eh_frame      0x00000000001117b8       0x60 binaries/main.o
                                         0x8c (size before relaxing)
 .eh_frame      0x0000000000111818       0x48 binaries/mark.o
                                         0x74 (size before relaxing)
 .eh_frame      0x0000000000111860       0x54 binaries/meminit.o
                                         0x94 (size before relaxing)
 .eh_frame      0x00000000001118b4       0x24 binaries/mkbufpool.o
                                         0x50 (size before relaxing)
 .eh_frame      0x00000000001118d8       0x24 binaries/newqueue.o
                                         0x50 (size before relaxing)
 .eh_frame      0x00000000001118fc       0x24 binaries/open.o
                                         0x50 (size before relaxing)
 .eh_frame      0x0000000000111920       0x1c binaries/panic.o
                                         0x48 (size before relaxing)
 .eh_frame      0x000000000011193c       0x40 binaries/platinit.o
                                         0x6c (size before relaxing)
 .eh_frame      0x000000000011197c       0x24 binaries/ptclear.o
                                         0x50 (size before relaxing)
 .eh_frame      0x00000000001119a0       0x24 binaries/ptcount.o
                                         0x50 (size before relaxing)
 .eh_frame      0x00000000001119c4       0x24 binaries/ptcreate.o
                                         0x50 (size before relaxing)
 .eh_frame      0x00000000001119e8       0x24 binaries/ptdelete.o
                                         0x50 (size before relaxing)
 .eh_frame      0x0000000000111a0c       0x24 binaries/ptinit.o
                                         0x50 (size before relaxing)
 .eh_frame      0x0000000000111a30       0x24 binaries/ptrecv.o
                                         0x50 (size before relaxing)
 .eh_frame      0x0000000000111a54       0x24 binaries/ptreset.o
                                         0x50 (size before relaxing)
 .eh_frame      0x0000000000111a78       0x24 binaries/ptsend.o
                                         0x50 (size before relaxing)
 .eh_frame      0x0000000000111a9c       0x24 binaries/putc.o
                                         0x50 (size before relaxing)
 .eh_frame      0x0000000000111ac0       0x48 binaries/queue.o
                                         0x88 (size before relaxing)
 .eh_frame      0x0000000000111b08       0x24 binaries/read.o
                                         0x50 (size before relaxing)
 .eh_frame      0x0000000000111b2c       0x28 binaries/ready.o
                                         0x54 (size before relaxing)
 .eh_frame      0x0000000000111b54       0x24 binaries/receive.o
                                         0x50 (size before relaxing)
 .eh_frame      0x0000000000111b78       0x24 binaries/recvclr.o
                                         0x50 (size before relaxing)
 .eh_frame      0x0000000000111b9c       0x24 binaries/recvtime.o
                                         0x50 (size before relaxing)
 .eh_frame      0x0000000000111bc0       0x48 binaries/resched.o
                                         0x88 (size before relaxing)
 .eh_frame      0x0000000000111c08       0x24 binaries/resume.o
                                         0x50 (size before relaxing)
 .eh_frame      0x0000000000111c2c       0x24 binaries/seek.o
                                         0x50 (size before relaxing)
 .eh_frame      0x0000000000111c50       0x24 binaries/semcount.o
                                         0x50 (size before relaxing)
 .eh_frame      0x0000000000111c74       0x48 binaries/semcreate.o
                                         0x88 (size before relaxing)
 .eh_frame      0x0000000000111cbc       0x24 binaries/semdelete.o
                                         0x50 (size before relaxing)
 .eh_frame      0x0000000000111ce0       0x24 binaries/semreset.o
                                         0x50 (size before relaxing)
 .eh_frame      0x0000000000111d04       0x24 binaries/send.o
                                         0x50 (size before relaxing)
 .eh_frame      0x0000000000111d28       0x24 binaries/signal.o
                                         0x50 (size before relaxing)
 .eh_frame      0x0000000000111d4c       0x24 binaries/signaln.o
                                         0x50 (size before relaxing)
 .eh_frame      0x0000000000111d70       0x44 binaries/sleep.o
                                         0x84 (size before relaxing)
 .eh_frame      0x0000000000111db4       0x24 binaries/stacktrace.o
                                         0x50 (size before relaxing)
 .eh_frame      0x0000000000111dd8       0x24 binaries/suspend.o
                                         0x50 (size before relaxing)
 .eh_frame      0x0000000000111dfc       0x24 binaries/unsleep.o
                                         0x50 (size before relaxing)
 .eh_frame      0x0000000000111e20       0x24 binaries/userret.o
                                         0x50 (size before relaxing)
 .eh_frame      0x0000000000111e44       0x24 binaries/wait.o
                                         0x50 (size before relaxing)
 .eh_frame      0x0000000000111e68       0x24 binaries/wakeup.o
                                         0x50 (size before relaxing)
 .eh_frame      0x0000000000111e8c       0x24 binaries/write.o
                                         0x50 (size before relaxing)
 .eh_frame      0x0000000000111eb0       0x24 binaries/xdone.o
                                         0x50 (size before relaxing)
 .eh_frame      0x0000000000111ed4       0x24 binaries/yield.o
                                         0x50 (size before relaxing)
 .eh_frame      0x0000000000111ef8       0x20 binaries/abs.o
                                         0x4c (size before relaxing)
 .eh_frame      0x0000000000111f18       0x20 binaries/atoi.o
                                         0x4c (size before relaxing)
 .eh_frame      0x0000000000111f38       0x20 binaries/atol.o
                                         0x4c (size before relaxing)
 .eh_frame      0x0000000000111f58       0x20 binaries/bzero.o
                                         0x4c (size before relaxing)
 .eh_frame      0x0000000000111f78       0xec binaries/doprnt.o
                                        0x140 (size before relaxing)
 .eh_frame      0x0000000000112064       0xc8 binaries/doscan.o
                                         0xf4 (size before relaxing)
 .eh_frame      0x000000000011212c       0xcc binaries/fdoprnt.o
                                        0x10c (size before relaxing)
 .eh_frame      0x00000000001121f8       0x24 binaries/fgetc.o
                                         0x50 (size before relaxing)
 .eh_frame      0x000000000011221c       0x24 binaries/fgets.o
                                         0x50 (size before relaxing)
 .eh_frame      0x0000000000112240       0x24 binaries/fprintf.o
                                         0x50 (size before relaxing)
 .eh_frame      0x0000000000112264       0x24 binaries/fputc.o
                                         0x50 (size before relaxing)
 .eh_frame      0x0000000000112288       0x24 binaries/fputs.o
                                         0x50 (size before relaxing)
 .eh_frame      0x00000000001122ac       0x68 binaries/fscanf.o
                                         0x94 (size before relaxing)
 .eh_frame      0x0000000000112314       0x24 binaries/getchar.o
                                         0x50 (size before relaxing)
 .eh_frame      0x0000000000112338       0x20 binaries/labs.o
                                         0x4c (size before relaxing)
 .eh_frame      0x0000000000112358       0x20 binaries/memcmp.o
                                         0x4c (size before relaxing)
 .eh_frame      0x0000000000112378       0x28 binaries/memcpy.o
                                         0x54 (size before relaxing)
 .eh_frame      0x00000000001123a0       0x24 binaries/memset.o
                                         0x50 (size before relaxing)
 .eh_frame      0x00000000001123c4       0x24 binaries/printf.o
                                         0x50 (size before relaxing)
 .eh_frame      0x00000000001123e8       0x24 binaries/putchar.o
                                         0x50 (size before relaxing)
 .eh_frame      0x000000000011240c       0xa4 binaries/qsort.o
                                         0xd0 (size before relaxing)
 .eh_frame      0x00000000001124b0       0x60 binaries/rand.o
                                         0x8c (size before relaxing)
 .eh_frame      0x0000000000112510       0x44 binaries/sprintf.o
                                         0x70 (size before relaxing)
 .eh_frame      0x0000000000112554       0x64 binaries/sscanf.o
                                         0x90 (size before relaxing)
 .eh_frame      0x00000000001125b8       0x20 binaries/strchr.o
                                         0x4c (size before relaxing)
 .eh_frame      0x00000000001125d8       0x20 binaries/strcmp.o
                                         0x4c (size before relaxing)
 .eh_frame      0x00000000001125f8       0x20 binaries/strcpy.o
                                         0x4c (size before relaxing)
 .eh_frame      0x0000000000112618       0x20 binaries/strlen.o
                                         0x4c (size before relaxing)
 .eh_frame      0x0000000000112638       0x20 binaries/strncat.o
                                         0x4c (size before relaxing)
 .eh_frame      0x0000000000112658       0x20 binaries/strncmp.o
                                         0x4c (size before relaxing)
 .eh_frame      0x0000000000112678       0x28 binaries/strncpy.o
                                         0x54 (size before relaxing)
 .eh_frame      0x00000000001126a0       0x20 binaries/strnlen.o
                                         0x4c (size before relaxing)
 .eh_frame      0x00000000001126c0       0x20 binaries/strrchr.o
                                         0x4c (size before relaxing)
 .eh_frame      0x00000000001126e0       0x20 binaries/strstr.o
                                         0x4c (size before relaxing)
 .eh_frame      0x0000000000112700       0x24 binaries/ttycontrol.o
                                         0x50 (size before relaxing)
 .eh_frame      0x0000000000112724       0x24 binaries/ttygetc.o
                                         0x50 (size before relaxing)
 .eh_frame      0x0000000000112748       0x88 binaries/ttyhandle_in.o
                                         0xdc (size before relaxing)
 .eh_frame      0x00000000001127d0       0x24 binaries/ttyhandle_out.o
                                         0x50 (size before relaxing)
 .eh_frame      0x00000000001127f4       0x24 binaries/ttyhandler.o
                                         0x50 (size before relaxing)
 .eh_frame      0x0000000000112818       0x24 binaries/ttyinit.o
                                         0x50 (size before relaxing)
 .eh_frame      0x000000000011283c       0x24 binaries/ttykickout.o
                                         0x50 (size before relaxing)
 .eh_frame      0x0000000000112860       0x24 binaries/ttyputc.o
                                         0x50 (size before relaxing)
 .eh_frame      0x0000000000112884       0x24 binaries/ttyread.o
                                         0x50 (size before relaxing)
 .eh_frame      0x00000000001128a8       0x24 binaries/ttywrite.o
                                         0x50 (size before relaxing)
 .eh_frame      0x00000000001128cc       0x44 binaries/mount.o
                                         0x84 (size before relaxing)
 .eh_frame      0x0000000000112910       0x24 binaries/naminit.o
                                         0x50 (size before relaxing)
 .eh_frame      0x0000000000112934       0x68 binaries/nammap.o
                                         0xa8 (size before relaxing)
 .eh_frame      0x000000000011299c       0x24 binaries/namopen.o
                                         0x50 (size before relaxing)
 .eh_frame      0x00000000001129c0       0x20 binaries/ramclose.o
                                         0x4c (size before relaxing)
 .eh_frame      0x00000000001129e0       0x24 binaries/raminit.o
                                         0x50 (size before relaxing)
 .eh_frame      0x0000000000112a04       0x20 binaries/ramopen.o
                                         0x4c (size before relaxing)
 .eh_frame      0x0000000000112a24       0x24 binaries/ramread.o
                                         0x50 (size before relaxing)
 .eh_frame      0x0000000000112a48       0x24 binaries/ramwrite.o
                                         0x50 (size before relaxing)
 .eh_frame      0x0000000000112a6c       0x24 binaries/lfdballoc.o
                                         0x50 (size before relaxing)
 .eh_frame      0x0000000000112a90       0x24 binaries/lfdbfree.o
                                         0x50 (size before relaxing)
 .eh_frame      0x0000000000112ab4       0x24 binaries/lfflush.o
                                         0x50 (size before relaxing)
 .eh_frame      0x0000000000112ad8       0x20 binaries/lfgetmode.o
                                         0x4c (size before relaxing)
 .eh_frame      0x0000000000112af8       0x24 binaries/lfiballoc.o
                                         0x50 (size before relaxing)
 .eh_frame      0x0000000000112b1c       0x20 binaries/lfibclear.o
                                         0x4c (size before relaxing)
 .eh_frame      0x0000000000112b3c       0x24 binaries/lfibget.o
                                         0x50 (size before relaxing)
 .eh_frame      0x0000000000112b60       0x24 binaries/lfibput.o
                                         0x50 (size before relaxing)
 .eh_frame      0x0000000000112b84       0x24 binaries/lflclose.o
                                         0x50 (size before relaxing)
 .eh_frame      0x0000000000112ba8       0x24 binaries/lflcontrol.o
                                         0x50 (size before relaxing)
 .eh_frame      0x0000000000112bcc       0x24 binaries/lflgetc.o
                                         0x50 (size before relaxing)
 .eh_frame      0x0000000000112bf0       0x24 binaries/lflinit.o
                                         0x50 (size before relaxing)
 .eh_frame      0x0000000000112c14       0x24 binaries/lflputc.o
                                         0x50 (size before relaxing)
 .eh_frame      0x0000000000112c38       0x24 binaries/lflread.o
                                         0x50 (size before relaxing)
 .eh_frame      0x0000000000112c5c       0x24 binaries/lflseek.o
                                         0x50 (size before relaxing)
 .eh_frame      0x0000000000112c80       0x24 binaries/lflwrite.o
                                         0x50 (size before relaxing)
 .eh_frame      0x0000000000112ca4       0x20 binaries/lfscheck.o
                                         0x4c (size before relaxing)
 .eh_frame      0x0000000000112cc4       0x24 binaries/lfsckfmt.o
                                         0x50 (size before relaxing)
 .eh_frame      0x0000000000112ce8       0x24 binaries/lfscreate.o
                                         0x50 (size before relaxing)
 .eh_frame      0x0000000000112d0c       0x24 binaries/lfsetup.o
                                         0x50 (size before relaxing)
 .eh_frame      0x0000000000112d30       0x24 binaries/lfsinit.o
                                         0x50 (size before relaxing)
 .eh_frame      0x0000000000112d54       0x24 binaries/lfsopen.o
                                         0x50 (size before relaxing)
 .eh_frame      0x0000000000112d78       0x24 binaries/lftruncate.o
                                         0x50 (size before relaxing)
 .eh_frame      0x0000000000112d9c       0x48 binaries/addargs.o
                                         0x88 (size before relaxing)
 .eh_frame      0x0000000000112de4       0x20 binaries/lexan.o
                                         0x4c (size before relaxing)
 .eh_frame      0x0000000000112e04       0x2c binaries/shell.o
                                         0x58 (size before relaxing)
 .eh_frame      0x0000000000112e30       0x24 binaries/xsh_argecho.o
                                         0x50 (size before relaxing)
 .eh_frame      0x0000000000112e54       0x2c binaries/xsh_cat.o
                                         0x58 (size before relaxing)
 .eh_frame      0x0000000000112e80       0x28 binaries/xsh_clear.o
                                         0x54 (size before relaxing)
 .eh_frame      0x0000000000112ea8       0x2c binaries/xsh_date.o
                                         0x58 (size before relaxing)
 .eh_frame      0x0000000000112ed4       0x24 binaries/xsh_devdump.o
                                         0x50 (size before relaxing)
 .eh_frame      0x0000000000112ef8       0x24 binaries/xsh_echo.o
                                         0x50 (size before relaxing)
 .eh_frame      0x0000000000112f1c       0x20 binaries/xsh_exit.o
                                         0x4c (size before relaxing)
 .eh_frame      0x0000000000112f3c       0x2c binaries/xsh_help.o
                                         0x58 (size before relaxing)
 .eh_frame      0x0000000000112f68       0x2c binaries/xsh_kill.o
                                         0x58 (size before relaxing)
 .eh_frame      0x0000000000112f94       0xe8 binaries/xsh_lab2.o
                                        0x114 (size before relaxing)
 .eh_frame      0x000000000011307c       0x90 binaries/xsh_lab3.o
                                         0xd0 (size before relaxing)
 .eh_frame      0x000000000011310c       0x24 binaries/xsh_lab4.o
                                         0x50 (size before relaxing)
 .eh_frame      0x0000000000113130       0x4c binaries/xsh_memdump.o
                                         0x8c (size before relaxing)
 .eh_frame      0x000000000011317c       0x74 binaries/xsh_memstat.o
                                         0xa0 (size before relaxing)
 .eh_frame      0x00000000001131f0       0x30 binaries/xsh_ps.o
                                         0x5c (size before relaxing)
 .eh_frame      0x0000000000113220       0x2c binaries/xsh_sleep.o
                                         0x58 (size before relaxing)
 .eh_frame      0x000000000011324c       0x2c binaries/xsh_uptime.o
                                         0x58 (size before relaxing)

.iplt           0x0000000000113278        0x0
 .iplt          0x0000000000113278        0x0 binaries/start.o

.rel.dyn        0x0000000000113278        0x0
 .rel.got       0x0000000000113278        0x0 binaries/start.o
 .rel.iplt      0x0000000000113278        0x0 binaries/start.o
 .rel.text      0x0000000000113278        0x0 binaries/start.o

.data           0x0000000000113280     0x1d80
                0x0000000000113280                data = ABSOLUTE (.)
 *(.data .data.*)
 .data          0x0000000000113280      0x85e binaries/start.o
                0x0000000000113280                gdt
                0x00000000001132d0                idt
                0x0000000000113ad6                kpgdir
                0x0000000000113ada                cpudelay
 *fill*         0x0000000000113ade        0x2 
 .data          0x0000000000113ae0        0x4 binaries/Lab3_ucreate.o
 .data          0x0000000000113ae4        0x0 binaries/Lab4_alloc_free.o
 .data          0x0000000000113ae4        0x0 binaries/Lab4_fillpgentry.o
 .data          0x0000000000113ae4        0x0 binaries/Lab4_getheap.o
 .data          0x0000000000113ae4        0x0 binaries/Lab4_invlpg.o
 .data          0x0000000000113ae4        0x0 binaries/Lab4_log2ph.o
 .data          0x0000000000113ae4        0x0 binaries/Lab4_usyscall.o
 *fill*         0x0000000000113ae4       0x1c 
 .data.rel      0x0000000000113b00       0x44 binaries/Lab4_usyscall.o
                0x0000000000113b00                syscalls
 .data          0x0000000000113b44        0x0 binaries/ascdate.o
 *fill*         0x0000000000113b44       0x1c 
 .data.rel.local
                0x0000000000113b60       0x88 binaries/ascdate.o
                0x0000000000113b60                Date
 .data          0x0000000000113be8        0x0 binaries/bufinit.o
 .data          0x0000000000113be8        0x0 binaries/chprio.o
 .data          0x0000000000113be8        0x0 binaries/clkhandler.o
 .data          0x0000000000113be8        0x0 binaries/clkinit.o
 .data          0x0000000000113be8        0x0 binaries/close.o
 .data          0x0000000000113be8        0x0 binaries/conf.o
 *fill*         0x0000000000113be8       0x18 
 .data.rel      0x0000000000113c00      0x294 binaries/conf.o
                0x0000000000113c00                devtab
 .data          0x0000000000113e94        0x0 binaries/control.o
 .data          0x0000000000113e94        0x4 binaries/create.o
 .data          0x0000000000113e98        0x0 binaries/evec.o
 *fill*         0x0000000000113e98        0x8 
 .data.rel.local
                0x0000000000113ea0       0x40 binaries/evec.o
                0x0000000000113ea0                inames
 .data          0x0000000000113ee0        0x0 binaries/exit.o
 .data          0x0000000000113ee0        0x0 binaries/freebuf.o
 .data          0x0000000000113ee0        0x0 binaries/freemem.o
 .data          0x0000000000113ee0        0x0 binaries/getbuf.o
 .data          0x0000000000113ee0        0x0 binaries/getc.o
 .data          0x0000000000113ee0        0x0 binaries/getdev.o
 .data          0x0000000000113ee0        0x0 binaries/getitem.o
 .data          0x0000000000113ee0        0x0 binaries/getmem.o
 .data          0x0000000000113ee0        0x0 binaries/getpid.o
 .data          0x0000000000113ee0        0x0 binaries/getprio.o
 .data          0x0000000000113ee0        0x0 binaries/getstk.o
 .data          0x0000000000113ee0        0x0 binaries/getticks.o
 .data          0x0000000000113ee0        0x0 binaries/gettime.o
 .data          0x0000000000113ee0        0x0 binaries/getutime.o
 .data          0x0000000000113ee0        0x0 binaries/init.o
 .data          0x0000000000113ee0        0x0 binaries/initialize.o
 .data          0x0000000000113ee0        0x0 binaries/insert.o
 .data          0x0000000000113ee0        0x0 binaries/insertd.o
 .data          0x0000000000113ee0        0x0 binaries/ioerr.o
 .data          0x0000000000113ee0        0x0 binaries/ionull.o
 .data          0x0000000000113ee0        0x0 binaries/kill.o
 .data          0x0000000000113ee0        0x0 binaries/kprintf.o
 .data          0x0000000000113ee0        0x0 binaries/main.o
 .data          0x0000000000113ee0        0x0 binaries/mark.o
 .data          0x0000000000113ee0       0xe4 binaries/meminit.o
                0x0000000000113ee0                bootsign
                0x0000000000113ee4                bootinfo
                0x0000000000113f00                TSS
                0x0000000000113f80                gdt_copy
                0x0000000000113fc0                pgdir
 .data          0x0000000000113fc4        0x0 binaries/mkbufpool.o
 .data          0x0000000000113fc4        0x2 binaries/newqueue.o
 .data          0x0000000000113fc6        0x0 binaries/open.o
 .data          0x0000000000113fc6        0x0 binaries/panic.o
 .data          0x0000000000113fc6        0x0 binaries/platinit.o
 .data          0x0000000000113fc6        0x0 binaries/ptclear.o
 .data          0x0000000000113fc6        0x0 binaries/ptcount.o
 .data          0x0000000000113fc6        0x0 binaries/ptcreate.o
 .data          0x0000000000113fc6        0x0 binaries/ptdelete.o
 .data          0x0000000000113fc6        0x0 binaries/ptinit.o
 .data          0x0000000000113fc6        0x0 binaries/ptrecv.o
 .data          0x0000000000113fc6        0x0 binaries/ptreset.o
 .data          0x0000000000113fc6        0x0 binaries/ptsend.o
 .data          0x0000000000113fc6        0x0 binaries/putc.o
 .data          0x0000000000113fc6        0x0 binaries/queue.o
 .data          0x0000000000113fc6        0x0 binaries/read.o
 .data          0x0000000000113fc6        0x0 binaries/ready.o
 .data          0x0000000000113fc6        0x0 binaries/receive.o
 .data          0x0000000000113fc6        0x0 binaries/recvclr.o
 .data          0x0000000000113fc6        0x0 binaries/recvtime.o
 .data          0x0000000000113fc6        0x0 binaries/resched.o
 .data          0x0000000000113fc6        0x0 binaries/resume.o
 .data          0x0000000000113fc6        0x0 binaries/seek.o
 .data          0x0000000000113fc6        0x0 binaries/semcount.o
 .data          0x0000000000113fc6        0x0 binaries/semcreate.o
 .data          0x0000000000113fc6        0x0 binaries/semdelete.o
 .data          0x0000000000113fc6        0x0 binaries/semreset.o
 .data          0x0000000000113fc6        0x0 binaries/send.o
 .data          0x0000000000113fc6        0x0 binaries/signal.o
 .data          0x0000000000113fc6        0x0 binaries/signaln.o
 .data          0x0000000000113fc6        0x0 binaries/sleep.o
 .data          0x0000000000113fc6        0x0 binaries/stacktrace.o
 .data          0x0000000000113fc6        0x0 binaries/suspend.o
 .data          0x0000000000113fc6        0x0 binaries/unsleep.o
 .data          0x0000000000113fc6        0x0 binaries/userret.o
 .data          0x0000000000113fc6        0x0 binaries/wait.o
 .data          0x0000000000113fc6        0x0 binaries/wakeup.o
 .data          0x0000000000113fc6        0x0 binaries/write.o
 .data          0x0000000000113fc6        0x0 binaries/xdone.o
 .data          0x0000000000113fc6        0x0 binaries/yield.o
 .data          0x0000000000113fc6        0x0 binaries/abs.o
 .data          0x0000000000113fc6        0x0 binaries/atoi.o
 .data          0x0000000000113fc6        0x0 binaries/atol.o
 .data          0x0000000000113fc6        0x0 binaries/bzero.o
 .data          0x0000000000113fc6        0x0 binaries/ctype_.o
 .data          0x0000000000113fc6        0x0 binaries/doprnt.o
 *fill*         0x0000000000113fc6       0x1a 
 .data          0x0000000000113fe0       0x80 binaries/doscan.o
                0x0000000000113fe0                _sctab
 .data          0x0000000000114060        0x0 binaries/fdoprnt.o
 .data          0x0000000000114060        0x0 binaries/fgetc.o
 .data          0x0000000000114060        0x0 binaries/fgets.o
 .data          0x0000000000114060        0x0 binaries/fprintf.o
 .data          0x0000000000114060        0x0 binaries/fputc.o
 .data          0x0000000000114060        0x0 binaries/fputs.o
 .data          0x0000000000114060        0x0 binaries/fscanf.o
 .data          0x0000000000114060        0x0 binaries/getchar.o
 .data          0x0000000000114060        0x0 binaries/labs.o
 .data          0x0000000000114060        0x0 binaries/memchr.o
 .data          0x0000000000114060        0x0 binaries/memcmp.o
 .data          0x0000000000114060        0x0 binaries/memcpy.o
 .data          0x0000000000114060        0x0 binaries/memset.o
 .data          0x0000000000114060        0x0 binaries/printf.o
 .data          0x0000000000114060        0x0 binaries/putchar.o
 .data          0x0000000000114060        0x0 binaries/qsort.o
 .data          0x0000000000114060        0x4 binaries/rand.o
 .data          0x0000000000114064        0x0 binaries/sprintf.o
 .data          0x0000000000114064        0x0 binaries/sscanf.o
 .data          0x0000000000114064        0x0 binaries/strchr.o
 .data          0x0000000000114064        0x0 binaries/strcmp.o
 .data          0x0000000000114064        0x0 binaries/strcpy.o
 .data          0x0000000000114064        0x0 binaries/strlen.o
 .data          0x0000000000114064        0x0 binaries/strncat.o
 .data          0x0000000000114064        0x0 binaries/strncmp.o
 .data          0x0000000000114064        0x0 binaries/strncpy.o
 .data          0x0000000000114064        0x0 binaries/strnlen.o
 .data          0x0000000000114064        0x0 binaries/strrchr.o
 .data          0x0000000000114064        0x0 binaries/strstr.o
 .data          0x0000000000114064        0x0 binaries/ttycontrol.o
 .data          0x0000000000114064        0x0 binaries/ttygetc.o
 .data          0x0000000000114064        0x0 binaries/ttyhandle_in.o
 .data          0x0000000000114064        0x0 binaries/ttyhandle_out.o
 .data          0x0000000000114064        0x0 binaries/ttyhandler.o
 .data          0x0000000000114064        0x0 binaries/ttyinit.o
 .data          0x0000000000114064        0x0 binaries/ttykickout.o
 .data          0x0000000000114064        0x0 binaries/ttyputc.o
 .data          0x0000000000114064        0x0 binaries/ttyread.o
 .data          0x0000000000114064        0x0 binaries/ttywrite.o
 .data          0x0000000000114064        0x0 binaries/mount.o
 .data          0x0000000000114064        0x0 binaries/naminit.o
 .data          0x0000000000114064        0x0 binaries/nammap.o
 .data          0x0000000000114064        0x0 binaries/namopen.o
 .data          0x0000000000114064        0x0 binaries/ramclose.o
 .data          0x0000000000114064        0x0 binaries/raminit.o
 .data          0x0000000000114064        0x0 binaries/ramopen.o
 .data          0x0000000000114064        0x0 binaries/ramread.o
 .data          0x0000000000114064        0x0 binaries/ramwrite.o
 .data          0x0000000000114064        0x0 binaries/lfdballoc.o
 .data          0x0000000000114064        0x0 binaries/lfdbfree.o
 .data          0x0000000000114064        0x0 binaries/lfflush.o
 .data          0x0000000000114064        0x0 binaries/lfgetmode.o
 .data          0x0000000000114064        0x0 binaries/lfiballoc.o
 .data          0x0000000000114064        0x0 binaries/lfibclear.o
 .data          0x0000000000114064        0x0 binaries/lfibget.o
 .data          0x0000000000114064        0x0 binaries/lfibput.o
 .data          0x0000000000114064        0x0 binaries/lflclose.o
 .data          0x0000000000114064        0x0 binaries/lflcontrol.o
 .data          0x0000000000114064        0x0 binaries/lflgetc.o
 .data          0x0000000000114064        0x0 binaries/lflinit.o
 .data          0x0000000000114064        0x0 binaries/lflputc.o
 .data          0x0000000000114064        0x0 binaries/lflread.o
 .data          0x0000000000114064        0x0 binaries/lflseek.o
 .data          0x0000000000114064        0x0 binaries/lflwrite.o
 .data          0x0000000000114064        0x0 binaries/lfscheck.o
 .data          0x0000000000114064        0x0 binaries/lfsckfmt.o
 .data          0x0000000000114064        0x0 binaries/lfscreate.o
 .data          0x0000000000114064        0x0 binaries/lfsetup.o
 .data          0x0000000000114064        0x0 binaries/lfsinit.o
 .data          0x0000000000114064        0x0 binaries/lfsopen.o
 .data          0x0000000000114064        0x0 binaries/lftruncate.o
 .data          0x0000000000114064        0x0 binaries/addargs.o
 .data          0x0000000000114064        0x0 binaries/lexan.o
 .data          0x0000000000114064        0x4 binaries/shell.o
                0x0000000000114064                ncmd
 *fill*         0x0000000000114068       0x18 
 .data.rel.ro   0x0000000000114080       0xd8 binaries/shell.o
                0x0000000000114080                cmdtab
 .data          0x0000000000114158        0x0 binaries/xsh_argecho.o
 .data          0x0000000000114158        0x0 binaries/xsh_cat.o
 .data          0x0000000000114158        0x0 binaries/xsh_clear.o
 .data          0x0000000000114158        0x0 binaries/xsh_date.o
 .data          0x0000000000114158        0x0 binaries/xsh_devdump.o
 .data          0x0000000000114158        0x0 binaries/xsh_echo.o
 .data          0x0000000000114158        0x0 binaries/xsh_exit.o
 .data          0x0000000000114158        0x0 binaries/xsh_help.o
 .data          0x0000000000114158        0x0 binaries/xsh_kill.o
 .data          0x0000000000114158        0x0 binaries/xsh_lab2.o
 .data          0x0000000000114158        0x0 binaries/xsh_lab3.o
 .data          0x0000000000114158        0x0 binaries/xsh_lab4.o
 .data          0x0000000000114158        0x0 binaries/xsh_memdump.o
 .data          0x0000000000114158        0x0 binaries/xsh_memstat.o
 *fill*         0x0000000000114158        0x8 
 .data          0x0000000000114160       0x20 binaries/xsh_ps.o
 .data          0x0000000000114180        0x0 binaries/xsh_sleep.o
 .data          0x0000000000114180        0x0 binaries/xsh_uptime.o
 .data          0x0000000000114180        0x0 binaries/Lab3_create.o
 .data          0x0000000000114180        0x0 binaries/Lab3_ltss.o
 .data          0x0000000000114180        0x0 binaries/Lab3_printf.o
 .data          0x0000000000114180        0x0 binaries/Lab3_ret_k2u.o
 .data          0x0000000000114180        0x0 binaries/Lab3_ret_u2k.o
 .data          0x0000000000114180        0x0 binaries/Lab3_sleep.o
 .data          0x0000000000114180        0x0 binaries/clkdisp.o
 .data          0x0000000000114180        0x0 binaries/ctxsw.o
 .data          0x0000000000114180        0x0 binaries/intr.o
                0x0000000000114180                _saveint
 .data          0x0000000000114180        0x0 binaries/ttydispatch.o
                0x0000000000114180                edata = ABSOLUTE (.)
                0x0000000000115000                . = ALIGN (0x1000)
 *fill*         0x0000000000114180      0xe80 

.got            0x0000000000115000        0x0
 .got           0x0000000000115000        0x0 binaries/start.o

.got.plt        0x0000000000115000        0xc
 .got.plt       0x0000000000115000        0xc binaries/start.o
                0x0000000000115000                _GLOBAL_OFFSET_TABLE_

.igot.plt       0x000000000011500c        0x0
 .igot.plt      0x000000000011500c        0x0 binaries/start.o

.bss            0x0000000000115020    0x1efe0
                0x0000000000115020                bss = ABSOLUTE (.)
 *(.bss .bss.*)
 .bss           0x0000000000115020        0x0 binaries/start.o
 .bss           0x0000000000115020        0x0 binaries/Lab3_ucreate.o
 .bss           0x0000000000115020        0x0 binaries/Lab4_alloc_free.o
 .bss           0x0000000000115020        0x0 binaries/Lab4_fillpgentry.o
 .bss           0x0000000000115020        0x0 binaries/Lab4_getheap.o
 .bss           0x0000000000115020        0x0 binaries/Lab4_invlpg.o
 .bss           0x0000000000115020        0x0 binaries/Lab4_log2ph.o
 .bss           0x0000000000115020        0x0 binaries/Lab4_usyscall.o
 .bss           0x0000000000115020        0x0 binaries/ascdate.o
 .bss           0x0000000000115020        0x0 binaries/bufinit.o
 .bss           0x0000000000115020        0x0 binaries/chprio.o
 .bss           0x0000000000115020        0x0 binaries/clkhandler.o
 .bss           0x0000000000115020        0x0 binaries/clkinit.o
 .bss           0x0000000000115020        0x0 binaries/close.o
 .bss           0x0000000000115020        0x0 binaries/conf.o
 .bss           0x0000000000115020        0x0 binaries/control.o
 .bss           0x0000000000115020        0x0 binaries/create.o
 .bss           0x0000000000115020        0x0 binaries/evec.o
 .bss           0x0000000000115020        0x0 binaries/exit.o
 .bss           0x0000000000115020        0x0 binaries/freebuf.o
 .bss           0x0000000000115020        0x0 binaries/freemem.o
 .bss           0x0000000000115020        0x0 binaries/getbuf.o
 .bss           0x0000000000115020        0x0 binaries/getc.o
 .bss           0x0000000000115020        0x0 binaries/getdev.o
 .bss           0x0000000000115020        0x0 binaries/getitem.o
 .bss           0x0000000000115020        0x0 binaries/getmem.o
 .bss           0x0000000000115020        0x0 binaries/getpid.o
 .bss           0x0000000000115020        0x0 binaries/getprio.o
 .bss           0x0000000000115020        0x0 binaries/getstk.o
 .bss           0x0000000000115020        0x0 binaries/getticks.o
 .bss           0x0000000000115020        0x0 binaries/gettime.o
 .bss           0x0000000000115020        0x0 binaries/getutime.o
 .bss           0x0000000000115020        0x0 binaries/init.o
 .bss           0x0000000000115020        0x0 binaries/initialize.o
 .bss           0x0000000000115020        0x0 binaries/insert.o
 .bss           0x0000000000115020        0x0 binaries/insertd.o
 .bss           0x0000000000115020        0x0 binaries/ioerr.o
 .bss           0x0000000000115020        0x0 binaries/ionull.o
 .bss           0x0000000000115020        0x0 binaries/kill.o
 .bss           0x0000000000115020        0x0 binaries/kprintf.o
 .bss           0x0000000000115020        0x0 binaries/main.o
 .bss           0x0000000000115020        0x0 binaries/mark.o
 .bss           0x0000000000115020        0x0 binaries/meminit.o
 .bss           0x0000000000115020        0x0 binaries/mkbufpool.o
 .bss           0x0000000000115020        0x0 binaries/newqueue.o
 .bss           0x0000000000115020        0x0 binaries/open.o
 .bss           0x0000000000115020        0x0 binaries/panic.o
 .bss           0x0000000000115020        0x0 binaries/platinit.o
 .bss           0x0000000000115020        0x0 binaries/ptclear.o
 .bss           0x0000000000115020        0x0 binaries/ptcount.o
 .bss           0x0000000000115020        0x0 binaries/ptcreate.o
 .bss           0x0000000000115020        0x0 binaries/ptdelete.o
 .bss           0x0000000000115020        0x0 binaries/ptinit.o
 .bss           0x0000000000115020        0x0 binaries/ptrecv.o
 .bss           0x0000000000115020        0x0 binaries/ptreset.o
 .bss           0x0000000000115020        0x0 binaries/ptsend.o
 .bss           0x0000000000115020        0x0 binaries/putc.o
 .bss           0x0000000000115020        0x0 binaries/queue.o
 .bss           0x0000000000115020        0x0 binaries/read.o
 .bss           0x0000000000115020        0x0 binaries/ready.o
 .bss           0x0000000000115020        0x0 binaries/receive.o
 .bss           0x0000000000115020        0x0 binaries/recvclr.o
 .bss           0x0000000000115020        0x0 binaries/recvtime.o
 .bss           0x0000000000115020        0x0 binaries/resched.o
 .bss           0x0000000000115020        0x0 binaries/resume.o
 .bss           0x0000000000115020        0x0 binaries/seek.o
 .bss           0x0000000000115020        0x0 binaries/semcount.o
 .bss           0x0000000000115020        0x4 binaries/semcreate.o
 .bss           0x0000000000115024        0x0 binaries/semdelete.o
 .bss           0x0000000000115024        0x0 binaries/semreset.o
 .bss           0x0000000000115024        0x0 binaries/send.o
 .bss           0x0000000000115024        0x0 binaries/signal.o
 .bss           0x0000000000115024        0x0 binaries/signaln.o
 .bss           0x0000000000115024        0x0 binaries/sleep.o
 .bss           0x0000000000115024        0x0 binaries/stacktrace.o
 .bss           0x0000000000115024        0x0 binaries/suspend.o
 .bss           0x0000000000115024        0x0 binaries/unsleep.o
 .bss           0x0000000000115024        0x0 binaries/userret.o
 .bss           0x0000000000115024        0x0 binaries/wait.o
 .bss           0x0000000000115024        0x0 binaries/wakeup.o
 .bss           0x0000000000115024        0x0 binaries/write.o
 .bss           0x0000000000115024        0x0 binaries/xdone.o
 .bss           0x0000000000115024        0x0 binaries/yield.o
 .bss           0x0000000000115024        0x0 binaries/abs.o
 .bss           0x0000000000115024        0x0 binaries/atoi.o
 .bss           0x0000000000115024        0x0 binaries/atol.o
 .bss           0x0000000000115024        0x0 binaries/bzero.o
 .bss           0x0000000000115024        0x0 binaries/ctype_.o
 .bss           0x0000000000115024        0x0 binaries/doprnt.o
 .bss           0x0000000000115024        0x0 binaries/doscan.o
 .bss           0x0000000000115024        0x0 binaries/fdoprnt.o
 .bss           0x0000000000115024        0x0 binaries/fgetc.o
 .bss           0x0000000000115024        0x0 binaries/fgets.o
 .bss           0x0000000000115024        0x0 binaries/fprintf.o
 .bss           0x0000000000115024        0x0 binaries/fputc.o
 .bss           0x0000000000115024        0x0 binaries/fputs.o
 .bss           0x0000000000115024        0x0 binaries/fscanf.o
 .bss           0x0000000000115024        0x0 binaries/getchar.o
 .bss           0x0000000000115024        0x0 binaries/labs.o
 .bss           0x0000000000115024        0x0 binaries/memchr.o
 .bss           0x0000000000115024        0x0 binaries/memcmp.o
 .bss           0x0000000000115024        0x0 binaries/memcpy.o
 .bss           0x0000000000115024        0x0 binaries/memset.o
 .bss           0x0000000000115024        0x0 binaries/printf.o
 .bss           0x0000000000115024        0x0 binaries/putchar.o
 .bss           0x0000000000115024        0x8 binaries/qsort.o
 .bss           0x000000000011502c        0x0 binaries/rand.o
 .bss           0x000000000011502c        0x0 binaries/sprintf.o
 .bss           0x000000000011502c        0x0 binaries/sscanf.o
 .bss           0x000000000011502c        0x0 binaries/strchr.o
 .bss           0x000000000011502c        0x0 binaries/strcmp.o
 .bss           0x000000000011502c        0x0 binaries/strcpy.o
 .bss           0x000000000011502c        0x0 binaries/strlen.o
 .bss           0x000000000011502c        0x0 binaries/strncat.o
 .bss           0x000000000011502c        0x0 binaries/strncmp.o
 .bss           0x000000000011502c        0x0 binaries/strncpy.o
 .bss           0x000000000011502c        0x0 binaries/strnlen.o
 .bss           0x000000000011502c        0x0 binaries/strrchr.o
 .bss           0x000000000011502c        0x0 binaries/strstr.o
 .bss           0x000000000011502c        0x0 binaries/ttycontrol.o
 .bss           0x000000000011502c        0x0 binaries/ttygetc.o
 .bss           0x000000000011502c        0x0 binaries/ttyhandle_in.o
 .bss           0x000000000011502c        0x0 binaries/ttyhandle_out.o
 .bss           0x000000000011502c        0x0 binaries/ttyhandler.o
 .bss           0x000000000011502c        0x0 binaries/ttyinit.o
 .bss           0x000000000011502c        0x0 binaries/ttykickout.o
 .bss           0x000000000011502c        0x0 binaries/ttyputc.o
 .bss           0x000000000011502c        0x0 binaries/ttyread.o
 .bss           0x000000000011502c        0x0 binaries/ttywrite.o
 .bss           0x000000000011502c        0x0 binaries/mount.o
 .bss           0x000000000011502c        0x0 binaries/naminit.o
 .bss           0x000000000011502c        0x0 binaries/nammap.o
 .bss           0x000000000011502c        0x0 binaries/namopen.o
 .bss           0x000000000011502c        0x0 binaries/ramclose.o
 .bss           0x000000000011502c        0x0 binaries/raminit.o
 .bss           0x000000000011502c        0x0 binaries/ramopen.o
 .bss           0x000000000011502c        0x0 binaries/ramread.o
 .bss           0x000000000011502c        0x0 binaries/ramwrite.o
 .bss           0x000000000011502c        0x0 binaries/lfdballoc.o
 .bss           0x000000000011502c        0x0 binaries/lfdbfree.o
 .bss           0x000000000011502c        0x0 binaries/lfflush.o
 .bss           0x000000000011502c        0x0 binaries/lfgetmode.o
 .bss           0x000000000011502c        0x0 binaries/lfiballoc.o
 .bss           0x000000000011502c        0x0 binaries/lfibclear.o
 .bss           0x000000000011502c        0x0 binaries/lfibget.o
 .bss           0x000000000011502c        0x0 binaries/lfibput.o
 .bss           0x000000000011502c        0x0 binaries/lflclose.o
 .bss           0x000000000011502c        0x0 binaries/lflcontrol.o
 .bss           0x000000000011502c        0x0 binaries/lflgetc.o
 .bss           0x000000000011502c        0x0 binaries/lflinit.o
 .bss           0x000000000011502c        0x0 binaries/lflputc.o
 .bss           0x000000000011502c        0x0 binaries/lflread.o
 .bss           0x000000000011502c        0x0 binaries/lflseek.o
 .bss           0x000000000011502c        0x0 binaries/lflwrite.o
 .bss           0x000000000011502c        0x0 binaries/lfscheck.o
 .bss           0x000000000011502c        0x0 binaries/lfsckfmt.o
 .bss           0x000000000011502c        0x0 binaries/lfscreate.o
 .bss           0x000000000011502c        0x0 binaries/lfsetup.o
 .bss           0x000000000011502c        0x0 binaries/lfsinit.o
 .bss           0x000000000011502c        0x0 binaries/lfsopen.o
 .bss           0x000000000011502c        0x0 binaries/lftruncate.o
 .bss           0x000000000011502c        0x0 binaries/addargs.o
 .bss           0x000000000011502c        0x0 binaries/lexan.o
 .bss           0x000000000011502c        0x0 binaries/shell.o
 .bss           0x000000000011502c        0x0 binaries/xsh_argecho.o
 .bss           0x000000000011502c        0x0 binaries/xsh_cat.o
 .bss           0x000000000011502c        0x0 binaries/xsh_clear.o
 .bss           0x000000000011502c        0x0 binaries/xsh_date.o
 .bss           0x000000000011502c        0x0 binaries/xsh_devdump.o
 .bss           0x000000000011502c        0x0 binaries/xsh_echo.o
 .bss           0x000000000011502c        0x0 binaries/xsh_exit.o
 .bss           0x000000000011502c        0x0 binaries/xsh_help.o
 .bss           0x000000000011502c        0x0 binaries/xsh_kill.o
 .bss           0x000000000011502c        0x0 binaries/xsh_lab2.o
 .bss           0x000000000011502c        0x0 binaries/xsh_lab3.o
 .bss           0x000000000011502c        0x0 binaries/xsh_lab4.o
 .bss           0x000000000011502c        0x0 binaries/xsh_memdump.o
 .bss           0x000000000011502c        0x0 binaries/xsh_memstat.o
 .bss           0x000000000011502c        0x0 binaries/xsh_ps.o
 .bss           0x000000000011502c        0x0 binaries/xsh_sleep.o
 .bss           0x000000000011502c        0x0 binaries/xsh_uptime.o
 .bss           0x000000000011502c        0x0 binaries/Lab3_create.o
 .bss           0x000000000011502c        0x0 binaries/Lab3_ltss.o
 .bss           0x000000000011502c        0x0 binaries/Lab3_printf.o
 .bss           0x000000000011502c        0x0 binaries/Lab3_ret_k2u.o
 .bss           0x000000000011502c        0x0 binaries/Lab3_ret_u2k.o
 .bss           0x000000000011502c        0x0 binaries/Lab3_sleep.o
 .bss           0x000000000011502c        0x0 binaries/clkdisp.o
 .bss           0x000000000011502c        0x0 binaries/ctxsw.o
 .bss           0x000000000011502c        0x0 binaries/intr.o
 .bss           0x000000000011502c        0x0 binaries/ttydispatch.o
 *(COMMON)
 *fill*         0x000000000011502c       0x14 
 COMMON         0x0000000000115040       0xf4 binaries/bufinit.o
                0x0000000000115040                buftab
                0x0000000000115130                nbpools
 COMMON         0x0000000000115134       0x10 binaries/clkinit.o
                0x0000000000115134                sleepq
                0x0000000000115138                preempt
                0x000000000011513c                count1000
                0x0000000000115140                clktime
 COMMON         0x0000000000115144        0x2 binaries/evec.o
                0x0000000000115144                girmask
 *fill*         0x0000000000115146       0x1a 
 COMMON         0x0000000000115160     0x1f78 binaries/initialize.o
                0x0000000000115160                currpid
                0x0000000000115180                proctab
                0x0000000000116c10                prcount
                0x0000000000116c20                semtab
                0x00000000001170d0                memlist
 *fill*         0x00000000001170d8        0x8 
 COMMON         0x00000000001170e0       0x58 binaries/mark.o
                0x00000000001170e0                marks
                0x0000000000117130                nmarks
                0x0000000000117134                mkmutex
 COMMON         0x0000000000117138       0x14 binaries/meminit.o
                0x0000000000117138                minheap
                0x000000000011713c                maxheap
                0x0000000000117140                kpg
                0x0000000000117148                freelist
 *fill*         0x000000000011714c       0x14 
 COMMON         0x0000000000117160      0x2d8 binaries/ptinit.o
                0x0000000000117160                porttab
                0x0000000000117430                ptnextid
                0x0000000000117434                ptfree
 *fill*         0x0000000000117438        0x8 
 COMMON         0x0000000000117440      0x980 binaries/queue.o
                0x0000000000117440                queuetab
 COMMON         0x0000000000117dc0        0x2 binaries/ready.o
                0x0000000000117dc0                readylist
 *fill*         0x0000000000117dc2        0x2 
 COMMON         0x0000000000117dc4        0x8 binaries/resched.o
                0x0000000000117dc4                Defer
 *fill*         0x0000000000117dcc       0x14 
 COMMON         0x0000000000117de0      0x110 binaries/ttyinit.o
                0x0000000000117de0                ttytab
 *fill*         0x0000000000117ef0       0x10 
 COMMON         0x0000000000117f00     0x19c0 binaries/naminit.o
                0x0000000000117f00                nnames
                0x0000000000117f20                nametab
 COMMON         0x00000000001198c0    0x19000 binaries/raminit.o
                0x00000000001198c0                Ram
 COMMON         0x00000000001328c0      0xf00 binaries/lflinit.o
                0x00000000001328c0                lfltab
 COMMON         0x00000000001337c0      0x20c binaries/lfsinit.o
                0x00000000001337c0                Lf_data
                0x00000000001339cc                ebss = ABSOLUTE (.)
                0x0000000000134000                . = ALIGN (0x1000)
 *fill*         0x00000000001339cc      0x634 
 */()
                0x0000000000134000                end = ABSOLUTE (.)
                0x0000000000134000                _end = ABSOLUTE (.)
                0x0000000000134000                . = ALIGN (0x1000)
LOAD binaries/start.o
LOAD binaries/Lab3_ucreate.o
LOAD binaries/Lab4_alloc_free.o
LOAD binaries/Lab4_fillpgentry.o
LOAD binaries/Lab4_getheap.o
LOAD binaries/Lab4_invlpg.o
LOAD binaries/Lab4_log2ph.o
LOAD binaries/Lab4_usyscall.o
LOAD binaries/ascdate.o
LOAD binaries/bufinit.o
LOAD binaries/chprio.o
LOAD binaries/clkhandler.o
LOAD binaries/clkinit.o
LOAD binaries/close.o
LOAD binaries/conf.o
LOAD binaries/control.o
LOAD binaries/create.o
LOAD binaries/evec.o
LOAD binaries/exit.o
LOAD binaries/freebuf.o
LOAD binaries/freemem.o
LOAD binaries/getbuf.o
LOAD binaries/getc.o
LOAD binaries/getdev.o
LOAD binaries/getitem.o
LOAD binaries/getmem.o
LOAD binaries/getpid.o
LOAD binaries/getprio.o
LOAD binaries/getstk.o
LOAD binaries/getticks.o
LOAD binaries/gettime.o
LOAD binaries/getutime.o
LOAD binaries/init.o
LOAD binaries/initialize.o
LOAD binaries/insert.o
LOAD binaries/insertd.o
LOAD binaries/ioerr.o
LOAD binaries/ionull.o
LOAD binaries/kill.o
LOAD binaries/kprintf.o
LOAD binaries/main.o
LOAD binaries/mark.o
LOAD binaries/meminit.o
LOAD binaries/mkbufpool.o
LOAD binaries/newqueue.o
LOAD binaries/open.o
LOAD binaries/panic.o
LOAD binaries/platinit.o
LOAD binaries/ptclear.o
LOAD binaries/ptcount.o
LOAD binaries/ptcreate.o
LOAD binaries/ptdelete.o
LOAD binaries/ptinit.o
LOAD binaries/ptrecv.o
LOAD binaries/ptreset.o
LOAD binaries/ptsend.o
LOAD binaries/putc.o
LOAD binaries/queue.o
LOAD binaries/read.o
LOAD binaries/ready.o
LOAD binaries/receive.o
LOAD binaries/recvclr.o
LOAD binaries/recvtime.o
LOAD binaries/resched.o
LOAD binaries/resume.o
LOAD binaries/seek.o
LOAD binaries/semcount.o
LOAD binaries/semcreate.o
LOAD binaries/semdelete.o
LOAD binaries/semreset.o
LOAD binaries/send.o
LOAD binaries/signal.o
LOAD binaries/signaln.o
LOAD binaries/sleep.o
LOAD binaries/stacktrace.o
LOAD binaries/suspend.o
LOAD binaries/unsleep.o
LOAD binaries/userret.o
LOAD binaries/wait.o
LOAD binaries/wakeup.o
LOAD binaries/write.o
LOAD binaries/xdone.o
LOAD binaries/yield.o
LOAD binaries/abs.o
LOAD binaries/atoi.o
LOAD binaries/atol.o
LOAD binaries/bzero.o
LOAD binaries/ctype_.o
LOAD binaries/doprnt.o
LOAD binaries/doscan.o
LOAD binaries/fdoprnt.o
LOAD binaries/fgetc.o
LOAD binaries/fgets.o
LOAD binaries/fprintf.o
LOAD binaries/fputc.o
LOAD binaries/fputs.o
LOAD binaries/fscanf.o
LOAD binaries/getchar.o
LOAD binaries/labs.o
LOAD binaries/memchr.o
LOAD binaries/memcmp.o
LOAD binaries/memcpy.o
LOAD binaries/memset.o
LOAD binaries/printf.o
LOAD binaries/putchar.o
LOAD binaries/qsort.o
LOAD binaries/rand.o
LOAD binaries/sprintf.o
LOAD binaries/sscanf.o
LOAD binaries/strchr.o
LOAD binaries/strcmp.o
LOAD binaries/strcpy.o
LOAD binaries/strlen.o
LOAD binaries/strncat.o
LOAD binaries/strncmp.o
LOAD binaries/strncpy.o
LOAD binaries/strnlen.o
LOAD binaries/strrchr.o
LOAD binaries/strstr.o
LOAD binaries/ttycontrol.o
LOAD binaries/ttygetc.o
LOAD binaries/ttyhandle_in.o
LOAD binaries/ttyhandle_out.o
LOAD binaries/ttyhandler.o
LOAD binaries/ttyinit.o
LOAD binaries/ttykickout.o
LOAD binaries/ttyputc.o
LOAD binaries/ttyread.o
LOAD binaries/ttywrite.o
LOAD binaries/mount.o
LOAD binaries/naminit.o
LOAD binaries/nammap.o
LOAD binaries/namopen.o
LOAD binaries/ramclose.o
LOAD binaries/raminit.o
LOAD binaries/ramopen.o
LOAD binaries/ramread.o
LOAD binaries/ramwrite.o
LOAD binaries/lfdballoc.o
LOAD binaries/lfdbfree.o
LOAD binaries/lfflush.o
LOAD binaries/lfgetmode.o
LOAD binaries/lfiballoc.o
LOAD binaries/lfibclear.o
LOAD binaries/lfibget.o
LOAD binaries/lfibput.o
LOAD binaries/lflclose.o
LOAD binaries/lflcontrol.o
LOAD binaries/lflgetc.o
LOAD binaries/lflinit.o
LOAD binaries/lflputc.o
LOAD binaries/lflread.o
LOAD binaries/lflseek.o
LOAD binaries/lflwrite.o
LOAD binaries/lfscheck.o
LOAD binaries/lfsckfmt.o
LOAD binaries/lfscreate.o
LOAD binaries/lfsetup.o
LOAD binaries/lfsinit.o
LOAD binaries/lfsopen.o
LOAD binaries/lftruncate.o
LOAD binaries/addargs.o
LOAD binaries/lexan.o
LOAD binaries/shell.o
LOAD binaries/xsh_argecho.o
LOAD binaries/xsh_cat.o
LOAD binaries/xsh_clear.o
LOAD binaries/xsh_date.o
LOAD binaries/xsh_devdump.o
LOAD binaries/xsh_echo.o
LOAD binaries/xsh_exit.o
LOAD binaries/xsh_help.o
LOAD binaries/xsh_kill.o
LOAD binaries/xsh_lab2.o
LOAD binaries/xsh_lab3.o
LOAD binaries/xsh_lab4.o
LOAD binaries/xsh_memdump.o
LOAD binaries/xsh_memstat.o
LOAD binaries/xsh_ps.o
LOAD binaries/xsh_sleep.o
LOAD binaries/xsh_uptime.o
LOAD binaries/Lab3_create.o
LOAD binaries/Lab3_ltss.o
LOAD binaries/Lab3_printf.o
LOAD binaries/Lab3_ret_k2u.o